==== 🚀 Test Run Started ====
🕒 2025-04-23 00:35:52.222080

==== 🧪 Lexer Tests ====

==== 📐 Parser Program Structure Tests ====

==== 📦 Parser Variable Tests ====

==== 🔧 Parser Function Tests ====
[Parser F-01] ✅ Passed
[Parser F-02] ✅ Passed
[Parser F-03] ✅ Passed
[Parser F-04] ✅ Passed
[Parser F-05] ✅ Passed
[Parser F-06] ✅ Passed
[Parser F-07] ✅ Passed

==== 📝 Parser Statement Tests ====
[Parser A-01] ✅ Passed
[Parser A-02] ✅ Passed
[Parser A-03] ✅ Passed
[Parser A-04] ✅ Passed
[Parser A-05] ✅ Passed
[Parser C-01] ✅ Passed
[Parser C-02] ✅ Passed
[Parser C-03] ✅ Passed
[Parser C-04] ✅ Passed
[Parser C-05] ✅ Passed
[Parser L-01] ✅ Passed
[Parser L-02] ✅ Passed
[Parser L-03] ✅ Passed
[Parser L-04] ✅ Passed
[Parser L-05] ✅ Passed
[Parser P-01] ✅ Passed
[Parser P-02] ✅ Passed
[Parser P-03] ✅ Passed
[Parser P-04] ✅ Passed
[Parser P-05] ✅ Passed
[Parser FC-01] ✅ Passed
[Parser FC-02] ✅ Passed
[Parser FC-03] ✅ Passed
[Parser FC-04] ✅ Passed
[Parser FC-05] ✅ Passed

==== 🧮 Parser Expression Tests ====
[Parser E-01] ✅ Passed
[Parser E-02] ✅ Passed
[Parser E-03] ✅ Passed
[Parser E-04] ✅ Passed
[Parser E-05] ✅ Passed
[Parser E-06] ✅ Passed
[Parser E-07] ✅ Passed

==== 🧑‍💻 Full Program Tests ====
[Parser FP-01] ✅ Passed
[Parser FP-02] ✅ Passed
[Parser FP-03] ✅ Passed

==== ✅ Test Run Complete ====
🕒 2025-04-23 00:35:52.222080
